INSERTED 1
INSERTED 2
OK 265
---
name: default
current-jobs-urgent: 0
current-jobs-ready: 0
current-jobs-reserved: 0
current-jobs-delayed: 2
current-jobs-buried: 0
total-jobs: 2
current-using: 1
current-watching: 1
current-waiting: 0
cmd-delete: 0
cmd-pause-tube: 0
pause: 0
pause-time-left: 0

PAUSED
OK 266
---
name: default
current-jobs-urgent: 0
current-jobs-ready: 0
current-jobs-reserved: 0
current-jobs-delayed: 2
current-jobs-buried: 0
total-jobs: 2
current-using: 1
current-watching: 1
current-waiting: 0
cmd-delete: 0
cmd-pause-tube: 1
pause: 10
pause-time-left: 9

PAUSED
RESERVED 1 1
1
DELETED
PAUSED
OK 265
---
name: default
current-jobs-urgent: 1
current-jobs-ready: 1
current-jobs-reserved: 0
current-jobs-delayed: 0
current-jobs-buried: 0
total-jobs: 2
current-using: 1
current-watching: 1
current-waiting: 0
cmd-delete: 1
cmd-pause-tube: 3
pause: 3
pause-time-left: 2

OK 135
---
id: 2
tube: default
state: ready
pri: 0
age: 1
delay: 1
ttr: 1
time-left: 0
reserves: 0
timeouts: 0
releases: 0
buries: 0
kicks: 0

RESERVED 2 1
2
OK 138
---
id: 2
tube: default
state: reserved
pri: 0
age: 4
delay: 1
ttr: 1
time-left: 0
reserves: 1
timeouts: 0
releases: 0
buries: 0
kicks: 0

